﻿
> skillfirst@0.0.0 build
> vite build

[36mvite v8.0.0-beta.15 [32mbuilding client environment for production...[36m[39m
[2K
transforming...Γ£ô 984 modules transformed.
node.exe : [31mΓ£ù[39m 
Build failed in 209ms
At C:\Program 
Files\nodejs\npm.ps1:29 
char:3
+   & $NODE_EXE $NPM_CLI_JS 
$args
+   
~~~~~~~~~~~~~~~~~~~~~~~~~~~~~
    + CategoryInfo           
   : NotSpecified: ([31mΓ£  
  ù[39m Build failed in 2   
 09ms:String) [], RemoteE    
xception
    + FullyQualifiedErrorId  
   : NativeCommandError
 
[31merror during build:
[31mBuild failed with 1 
error:

[plugin @tailwindcss/vite:gen
erate:build] D:/COLLEGE_NOTES
/PRACTICE/PROJECT/Vivek Proje
ct/skillfirst/src/index.css
Error: `@utility 
neon-card:hover` defines an 
invalid utility name. 
Utilities should be 
alphanumeric and start with 
a lowercase letter.
    at file:///D:/COLLEGE_NOT
ES/PRACTICE/PROJECT/Vivek%20P
roject/skillfirst/node_module
s/tailwindcss/dist/chunk-L5IE
UH3R.mjs:32:3856
    at Ar (file:///D:/COLLEGE
_NOTES/PRACTICE/PROJECT/Vivek
%20Project/skillfirst/node_mo
dules/tailwindcss/dist/chunk-
L5IEUH3R.mjs:3:1733)
    at I (file:///D:/COLLEGE_
NOTES/PRACTICE/PROJECT/Vivek%
20Project/skillfirst/node_mod
ules/tailwindcss/dist/chunk-L
5IEUH3R.mjs:3:1377)
    at Gi (file:///D:/COLLEGE
_NOTES/PRACTICE/PROJECT/Vivek
%20Project/skillfirst/node_mo
dules/tailwindcss/dist/chunk-
L5IEUH3R.mjs:32:2712)
    at async ao (file:///D:/C
OLLEGE_NOTES/PRACTICE/PROJECT
/Vivek%20Project/skillfirst/n
ode_modules/tailwindcss/dist/
chunk-L5IEUH3R.mjs:38:631)
    at async vf (file:///D:/C
OLLEGE_NOTES/PRACTICE/PROJECT
/Vivek%20Project/skillfirst/n
ode_modules/tailwindcss/dist/
chunk-L5IEUH3R.mjs:38:1406)
    at async uu (file:///D:/C
OLLEGE_NOTES/PRACTICE/PROJECT
/Vivek%20Project/skillfirst/n
ode_modules/@tailwindcss/node
/dist/index.mjs:10:3458)
    at async B.generate (file
:///D:/COLLEGE_NOTES/PRACTICE
/PROJECT/Vivek%20Project/skil
lfirst/node_modules/@tailwind
css/vite/dist/index.mjs:1:504
9)
    at async TransformPluginC
ontextImpl.handler (file:///D
:/COLLEGE_NOTES/PRACTICE/PROJ
ECT/Vivek%20Project/skillfirs
t/node_modules/@tailwindcss/v
ite/dist/index.mjs:1:3768)
    at async plugin (file:///
D:/COLLEGE_NOTES/PRACTICE/PRO
JECT/Vivek%20Project/skillfir
st/node_modules/rolldown/dist
/shared/bindingify-input-opti
ons-BAtaPAL4.mjs:1123:16)[31
m
    at aggregateBindingErrors
IntoJsError (file:///D:/COLLE
GE_NOTES/PRACTICE/PROJECT/Viv
ek%20Project/skillfirst/node_
modules/rolldown/dist/shared/
error-CpxG7etL.mjs:52:18)
    at unwrapBindingResult (f
ile:///D:/COLLEGE_NOTES/PRACT
ICE/PROJECT/Vivek%20Project/s
killfirst/node_modules/rolldo
wn/dist/shared/error-CpxG7etL
.mjs:22:128)
    at #build (file:///D:/COL
LEGE_NOTES/PRACTICE/PROJECT/V
ivek%20Project/skillfirst/nod
e_modules/rolldown/dist/share
d/rolldown-build-CZ74hiRH.mjs
:3360:34)
    at async 
buildEnvironment (file:///D:/
COLLEGE_NOTES/PRACTICE/PROJEC
T/Vivek%20Project/skillfirst/
node_modules/vite/dist/node/c
hunks/node.js:32691:64)
    at async Object.build (fi
le:///D:/COLLEGE_NOTES/PRACTI
CE/PROJECT/Vivek%20Project/sk
illfirst/node_modules/vite/di
st/node/chunks/node.js:33113:
19)
    at async Object.buildApp 
(file:///D:/COLLEGE_NOTES/PRA
CTICE/PROJECT/Vivek%20Project
/skillfirst/node_modules/vite
/dist/node/chunks/node.js:331
10:153)
    at async CAC.<anonymous> 
(file:///D:/COLLEGE_NOTES/PRA
CTICE/PROJECT/Vivek%20Project
/skillfirst/node_modules/vite
/dist/node/cli.js:641:3)[39m
